{"event": "calibration", "rotation": 0, "border_margin": 0.0}
{"event": "move", "frame": 54, "uci": "d2d4"}
{"event": "move", "frame": 192, "uci": "g8f6"}
{"event": "move", "frame": 252, "uci": "c1f4"}
{"event": "move", "frame": 456, "uci": "c7c5"}
{"event": "move", "frame": 522, "uci": "e2e4"}
{"event": "move", "frame": 582, "uci": "f6e4"}
{"event": "move", "frame": 648, "uci": "f2f3"}
{"event": "move", "frame": 711, "uci": "e4f6"}
{"event": "move", "frame": 810, "uci": "d4c5"}
{"event": "move", "frame": 903, "uci": "d8a5"}
{"event": "move", "frame": 1008, "uci": "b1c3"}
{"event": "move", "frame": 1110, "uci": "a5c5"}
{"event": "move", "frame": 1290, "uci": "d1e2"}
{"event": "move", "frame": 1449, "uci": "e7e6"}
{"event": "move", "frame": 1509, "uci": "e1c1"}
{"event": "move", "frame": 1716, "uci": "f8e7"}
{"event": "move", "frame": 1791, "uci": "g2g4"}
{"event": "move", "frame": 2019, "uci": "d7d5"}
{"event": "move", "frame": 2094, "uci": "h2h4"}
{"event": "move", "frame": 2187, "uci": "a7a6"}
{"event": "move", "frame": 2313, "uci": "h4h5"}
{"event": "move", "frame": 2451, "uci": "h7h6"}
{"event": "move", "frame": 2589, "uci": "f4e3"}
{"event": "move", "frame": 2733, "uci": "c5c7"}
{"event": "move", "frame": 2871, "uci": "g4g5"}
{"event": "move", "frame": 2994, "uci": "h6g5"}
{"event": "move", "frame": 3147, "uci": "e3g5"}
{"event": "move", "frame": 3252, "uci": "b8d7"}
{"event": "move", "frame": 3339, "uci": "e2e6"}
{"event": "move", "frame": 3642, "uci": "b7b5"}
{"event": "move", "frame": 3720, "uci": "h5h6"}
{"event": "move", "frame": 3936, "uci": "g7h6"}
{"event": "move", "frame": 4086, "uci": "g5h6"}
{"event": "move", "frame": 4242, "uci": "c8b7"}
{"event": "move", "frame": 4470, "uci": "h6g7"}
{"event": "move", "frame": 4530, "uci": "h8g8"}
{"event": "reliability", "median_match": 64.0, "moves": 36}
