{"event": "calibration", "rotation": 0, "border_margin": 0.0}
{"event": "move", "frame": 54, "uci": "d2d4"}
{"event": "move", "frame": 192, "uci": "g8f6"}
{"event": "move", "frame": 252, "uci": "c1f4"}
{"event": "move", "frame": 456, "uci": "c7c5"}
{"event": "move", "frame": 522, "uci": "e2e4"}
{"event": "move", "frame": 582, "uci": "f6e4"}
{"event": "move", "frame": 648, "uci": "f2f3"}
{"event": "move", "frame": 711, "uci": "e4f6"}
{"event": "move", "frame": 810, "uci": "d4c5"}
{"event": "move", "frame": 903, "uci": "d8a5"}
{"event": "move", "frame": 1008, "uci": "b1c3"}
{"event": "move", "frame": 1110, "uci": "a5c5"}
{"event": "move", "frame": 1290, "uci": "d1e2"}
{"event": "move", "frame": 1449, "uci": "e7e6"}
{"event": "move", "frame": 1509, "uci": "e1c1"}
{"event": "move", "frame": 1716, "uci": "f8e7"}
{"event": "move", "frame": 1791, "uci": "g2g4"}
{"event": "move", "frame": 2019, "uci": "d7d5"}
{"event": "move", "frame": 2094, "uci": "h2h4"}
{"event": "move", "frame": 2187, "uci": "a7a6"}
{"event": "move", "frame": 2313, "uci": "h4h5"}
{"event": "move", "frame": 2451, "uci": "h7h6"}
{"event": "move", "frame": 2589, "uci": "f4e3"}
{"event": "move", "frame": 2733, "uci": "c5c7"}
{"event": "move", "frame": 2871, "uci": "g4g5"}
{"event": "move", "frame": 2994, "uci": "h6g5"}
{"event": "move", "frame": 3147, "uci": "e3g5"}
{"event": "move", "frame": 3252, "uci": "b8d7"}
{"event": "move", "frame": 3339, "uci": "e2e6"}
{"event": "move", "frame": 3642, "uci": "b7b5"}
{"event": "move", "frame": 3720, "uci": "h5h6"}
{"event": "move", "frame": 3936, "uci": "g7h6"}
{"event": "move", "frame": 4086, "uci": "g5h6"}
{"event": "move", "frame": 4242, "uci": "c8b7"}
{"event": "move", "frame": 4470, "uci": "h6g7"}
{"event": "move", "frame": 4530, "uci": "h8g8"}
{"event": "calibration", "rotation": 270, "border_margin": 15.0}
{"event": "move", "frame": 48, "uci": "g1h3"}
{"event": "move", "frame": 108, "uci": "g8h6"}
{"event": "move", "frame": 240, "uci": "e2e3"}
{"event": "move", "frame": 303, "uci": "b8c6"}
{"event": "move", "frame": 363, "uci": "h3f4"}
{"event": "move", "frame": 423, "uci": "a7a6"}
{"event": "move", "frame": 648, "uci": "f1d3"}
{"event": "move", "frame": 789, "uci": "a8a7"}
{"event": "move", "frame": 861, "uci": "g2g4"}
{"event": "move", "frame": 921, "uci": "g7g5"}
{"event": "move", "frame": 1011, "uci": "b2b3"}
{"event": "move", "frame": 1071, "uci": "f8g7"}
{"event": "move", "frame": 1143, "uci": "f4g6"}
{"event": "move", "frame": 1218, "uci": "c6b8"}
{"event": "move", "frame": 1311, "uci": "c1a3"}
{"event": "move", "frame": 1614, "uci": "f7f5"}
{"event": "move", "frame": 1674, "uci": "f2f3"}
{"event": "move", "frame": 1737, "uci": "e8f7"}
{"event": "move", "frame": 1797, "uci": "d3b5"}
{"event": "move", "frame": 1857, "uci": "f7g8"}
{"event": "move", "frame": 2487, "uci": "b5c4"}
{"event": "move", "frame": 2820, "uci": "d7d5"}
{"event": "move", "frame": 2880, "uci": "g6e5"}
{"event": "move", "frame": 2991, "uci": "c8e6"}
{"event": "move", "frame": 3057, "uci": "b1c3"}
{"event": "move", "frame": 3123, "uci": "b7b6"}
{"event": "move", "frame": 3183, "uci": "c3e4"}
{"event": "move", "frame": 3246, "uci": "g7f6"}
{"event": "move", "frame": 3336, "uci": "e5f7"}
{"event": "move", "frame": 3402, "uci": "d8e8"}
{"event": "move", "frame": 3489, "uci": "e4c5"}
{"event": "move", "frame": 3564, "uci": "e6c8"}
{"event": "move", "frame": 3627, "uci": "f7d8"}
{"event": "move", "frame": 3798, "uci": "g8f8"}
{"event": "move", "frame": 3873, "uci": "d8f7"}
{"event": "move", "frame": 4068, "uci": "f8g8"}
{"event": "move", "frame": 4161, "uci": "f7e5"}
{"event": "move", "frame": 4221, "uci": "b8c6"}
{"event": "move", "frame": 4293, "uci": "c5b7"}
{"event": "move", "frame": 4413, "uci": "c6d8"}
{"event": "move", "frame": 4497, "uci": "c4b5"}
{"event": "move", "frame": 4557, "uci": "f5f4"}
{"event": "move", "frame": 4641, "uci": "e5f7"}
{"event": "move", "frame": 4743, "uci": "d8e6"}
{"event": "move", "frame": 4890, "uci": "f7d8"}
{"event": "move", "frame": 4950, "uci": "f6g7"}
{"event": "move", "frame": 5010, "uci": "b7c5"}
{"event": "move", "frame": 5103, "uci": "e8f8"}
{"event": "move", "frame": 5166, "uci": "d8f7"}
{"event": "move", "frame": 5295, "uci": "f8e8"}
{"event": "move", "frame": 5379, "uci": "a3b4"}
{"event": "move", "frame": 5922, "uci": "f4e3"}
{"event": "move", "frame": 5994, "uci": "c5d7"}
{"event": "move", "frame": 6513, "uci": "e8f8"}
{"event": "move", "frame": 6597, "uci": "f7d8"}
{"event": "move", "frame": 6657, "uci": "c8b7"}
{"event": "move", "frame": 7005, "uci": "d7b8"}
{"event": "move", "frame": 7086, "uci": "f8e8"}
{"event": "move", "frame": 7203, "uci": "b4a3"}
{"event": "move", "frame": 7266, "uci": "h6f7"}
{"event": "move", "frame": 7392, "uci": "a3c5"}
{"event": "move", "frame": 7458, "uci": "g7d4"}
{"event": "move", "frame": 7554, "uci": "d1e2"}
{"event": "move", "frame": 7617, "uci": "a6a5"}
{"event": "move", "frame": 7833, "uci": "a2a4"}
{"event": "move", "frame": 7902, "uci": "g8f8"}
{"event": "move", "frame": 8019, "uci": "b5d3"}
{"event": "move", "frame": 8085, "uci": "f7h6"}
{"event": "move", "frame": 8148, "uci": "c5b4"}
{"event": "move", "frame": 8301, "uci": "f8g8"}
{"event": "move", "frame": 8520, "uci": "d3a6"}
{"event": "calibration", "rotation": 270, "border_margin": 20.0}
{"event": "move", "frame": 30, "uci": "g1h3"}
{"event": "move", "frame": 111, "uci": "g8h6"}
{"event": "move", "frame": 216, "uci": "b1a3"}
{"event": "move", "frame": 282, "uci": "e7e5"}
{"event": "move", "frame": 684, "uci": "g2g4"}
{"event": "move", "frame": 840, "uci": "f8e7"}
{"event": "move", "frame": 1122, "uci": "f1g2"}
{"event": "move", "frame": 1209, "uci": "e5e4"}
{"event": "move", "frame": 1281, "uci": "h3g5"}
{"event": "move", "frame": 1419, "uci": "g7g6"}
{"event": "calibration", "rotation": 0, "border_margin": 0.0}
{"event": "move", "frame": 54, "uci": "d2d4"}
{"event": "move", "frame": 192, "uci": "g8f6"}
{"event": "move", "frame": 252, "uci": "c1f4"}
{"event": "move", "frame": 456, "uci": "c7c5"}
{"event": "move", "frame": 522, "uci": "e2e4"}
{"event": "move", "frame": 582, "uci": "f6e4"}
{"event": "move", "frame": 648, "uci": "f2f3"}
{"event": "calibration", "rotation": 0, "border_margin": 0.0}
{"event": "move", "frame": 54, "uci": "d2d4"}
{"event": "move", "frame": 192, "uci": "g8f6"}
{"event": "move", "frame": 252, "uci": "c1f4"}
{"event": "move", "frame": 456, "uci": "c7c5"}
{"event": "move", "frame": 522, "uci": "e2e4"}
{"event": "move", "frame": 582, "uci": "f6e4"}
{"event": "move", "frame": 648, "uci": "f2f3"}
{"event": "move", "frame": 711, "uci": "e4f6"}
{"event": "move", "frame": 810, "uci": "d4c5"}
{"event": "move", "frame": 903, "uci": "d8a5"}
{"event": "move", "frame": 1008, "uci": "b1c3"}
{"event": "move", "frame": 1110, "uci": "a5c5"}
{"event": "move", "frame": 1290, "uci": "d1e2"}
{"event": "move", "frame": 1449, "uci": "e7e6"}
{"event": "move", "frame": 1509, "uci": "e1c1"}
{"event": "move", "frame": 1716, "uci": "f8e7"}
{"event": "move", "frame": 1791, "uci": "g2g4"}
{"event": "move", "frame": 2019, "uci": "d7d5"}
{"event": "move", "frame": 2094, "uci": "h2h4"}
{"event": "move", "frame": 2187, "uci": "a7a6"}
{"event": "move", "frame": 2313, "uci": "h4h5"}
{"event": "move", "frame": 2451, "uci": "h7h6"}
{"event": "move", "frame": 2589, "uci": "f4e3"}
{"event": "move", "frame": 2733, "uci": "c5c7"}
{"event": "move", "frame": 2871, "uci": "g4g5"}
{"event": "move", "frame": 2994, "uci": "h6g5"}
{"event": "move", "frame": 3147, "uci": "e3g5"}
{"event": "move", "frame": 3252, "uci": "b8d7"}
{"event": "move", "frame": 3339, "uci": "e2e6"}
{"event": "move", "frame": 3642, "uci": "b7b5"}
{"event": "move", "frame": 3720, "uci": "h5h6"}
{"event": "move", "frame": 3936, "uci": "g7h6"}
{"event": "move", "frame": 4086, "uci": "g5h6"}
{"event": "move", "frame": 4242, "uci": "c8b7"}
{"event": "move", "frame": 4470, "uci": "h6g7"}
{"event": "move", "frame": 4530, "uci": "h8g8"}
{"event": "calibration", "rotation": 270, "border_margin": 30.0}
{"event": "move", "frame": 39, "uci": "g1h3"}
{"event": "move", "frame": 99, "uci": "b8a6"}
{"event": "move", "frame": 171, "uci": "b2b3"}
{"event": "move", "frame": 246, "uci": "g8h6"}
{"event": "move", "frame": 324, "uci": "c1b2"}
{"event": "move", "frame": 387, "uci": "c7c6"}
{"event": "move", "frame": 447, "uci": "g2g3"}
{"event": "move", "frame": 522, "uci": "g7g6"}
{"event": "move", "frame": 591, "uci": "f1g2"}
{"event": "move", "frame": 657, "uci": "e7e6"}
{"event": "move", "frame": 747, "uci": "d2d3"}
{"event": "move", "frame": 822, "uci": "f8e7"}
{"event": "move", "frame": 903, "uci": "g3g4"}
{"event": "move", "frame": 1002, "uci": "d7d5"}
{"event": "move", "frame": 1062, "uci": "h3g5"}
{"event": "move", "frame": 1125, "uci": "d8d7"}
{"event": "move", "frame": 1278, "uci": "g5h3"}
{"event": "move", "frame": 1386, "uci": "b7b6"}
{"event": "move", "frame": 1497, "uci": "g2f3"}
{"event": "move", "frame": 1629, "uci": "e7f8"}
{"event": "move", "frame": 1734, "uci": "e2e3"}
{"event": "move", "frame": 1800, "uci": "f8e7"}
{"event": "move", "frame": 1860, "uci": "b2f6"}
{"event": "move", "frame": 1944, "uci": "e7d6"}
{"event": "move", "frame": 2025, "uci": "b1a3"}
{"event": "move", "frame": 2085, "uci": "d7e7"}
{"event": "move", "frame": 2157, "uci": "f6e5"}
{"event": "move", "frame": 2262, "uci": "d6c7"}
{"event": "move", "frame": 2340, "uci": "e1f1"}
{"event": "move", "frame": 2412, "uci": "c7d6"}
{"event": "move", "frame": 2517, "uci": "d1e1"}
{"event": "move", "frame": 2628, "uci": "d6c7"}
{"event": "move", "frame": 2694, "uci": "a3b5"}
{"event": "move", "frame": 2778, "uci": "c7d6"}
{"event": "move", "frame": 2892, "uci": "a1b1"}
{"event": "move", "frame": 2958, "uci": "h6g8"}
{"event": "move", "frame": 3051, "uci": "b5d4"}
{"event": "move", "frame": 3117, "uci": "c8b7"}
{"event": "move", "frame": 3204, "uci": "d4f5"}
{"event": "move", "frame": 3267, "uci": "d6c7"}
{"event": "move", "frame": 3333, "uci": "b1b2"}
{"event": "move", "frame": 3432, "uci": "g8h6"}
{"event": "move", "frame": 3516, "uci": "f3e4"}
{"event": "move", "frame": 3576, "uci": "e7f8"}
{"event": "move", "frame": 3657, "uci": "e5f4"}
{"event": "move", "frame": 3720, "uci": "e6e5"}
{"event": "move", "frame": 3792, "uci": "f5h4"}
{"event": "move", "frame": 3894, "uci": "d5e4"}
{"event": "move", "frame": 3963, "uci": "b3b4"}
{"event": "move", "frame": 4068, "uci": "e8e7"}
{"event": "move", "frame": 4128, "uci": "b4b5"}
{"event": "move", "frame": 4188, "uci": "e7e8"}
{"event": "move", "frame": 4296, "uci": "f4g5"}
{"event": "move", "frame": 4419, "uci": "f7f5"}
{"event": "move", "frame": 4500, "uci": "b2b3"}
{"event": "move", "frame": 4572, "uci": "f8g7"}
{"event": "move", "frame": 4650, "uci": "g5e7"}
{"event": "move", "frame": 4713, "uci": "g7g8"}
{"event": "move", "frame": 5025, "uci": "d3e4"}
{"event": "move", "frame": 5100, "uci": "f5f4"}
{"event": "move", "frame": 5172, "uci": "e7f8"}
{"event": "move", "frame": 5250, "uci": "g8g7"}
{"event": "move", "frame": 5385, "uci": "h4f3"}
{"event": "move", "frame": 5460, "uci": "e8f7"}
{"event": "move", "frame": 5583, "uci": "e3f4"}
{"event": "move", "frame": 5652, "uci": "a6b4"}
{"event": "move", "frame": 5739, "uci": "f8c5"}
{"event": "move", "frame": 5799, "uci": "a8g8"}
{"event": "move", "frame": 5916, "uci": "f4f5"}
{"event": "move", "frame": 5976, "uci": "g8f8"}
{"event": "move", "frame": 6090, "uci": "f3h4"}
{"event": "move", "frame": 6189, "uci": "b7a6"}
{"event": "move", "frame": 6261, "uci": "h3g5"}
{"event": "move", "frame": 6321, "uci": "f7g8"}
{"event": "move", "frame": 6513, "uci": "c5d6"}
{"event": "move", "frame": 6594, "uci": "f8c8"}
{"event": "move", "frame": 6657, "uci": "g5h3"}
{"event": "move", "frame": 6720, "uci": "g7d7"}
{"event": "move", "frame": 6789, "uci": "h3g5"}
{"event": "move", "frame": 6930, "uci": "b4d5"}
{"event": "move", "frame": 7023, "uci": "d6a3"}
{"event": "move", "frame": 7131, "uci": "g8g7"}
{"event": "move", "frame": 7191, "uci": "g5h3"}
{"event": "calibration", "rotation": 270, "border_margin": 15.0}
{"event": "move", "frame": 12, "uci": "g1h3"}
{"event": "move", "frame": 72, "uci": "g8h6"}
{"event": "move", "frame": 141, "uci": "b1a3"}
{"event": "move", "frame": 201, "uci": "f7f6"}
{"event": "move", "frame": 273, "uci": "h3f4"}
{"event": "move", "frame": 393, "uci": "b8c6"}
{"event": "move", "frame": 921, "uci": "f4e6"}
{"event": "move", "frame": 981, "uci": "e8f7"}
{"event": "move", "frame": 1041, "uci": "e2e3"}
{"event": "move", "frame": 1110, "uci": "f7g8"}
{"event": "move", "frame": 1188, "uci": "e6g5"}
{"event": "move", "frame": 2307, "uci": "d8e8"}
{"event": "calibration", "rotation": 0, "border_margin": 0.0}
{"event": "move", "frame": 54, "uci": "d2d4"}
{"event": "move", "frame": 192, "uci": "g8f6"}
{"event": "move", "frame": 252, "uci": "c1f4"}
{"event": "move", "frame": 456, "uci": "c7c5"}
{"event": "move", "frame": 522, "uci": "e2e4"}
{"event": "move", "frame": 582, "uci": "f6e4"}
{"event": "move", "frame": 648, "uci": "f2f3"}
{"event": "move", "frame": 711, "uci": "e4f6"}
{"event": "calibration", "rotation": 270, "border_margin": 10.0}
{"event": "move", "frame": 114, "uci": "b1a3"}
{"event": "move", "frame": 174, "uci": "g8h6"}
{"event": "move", "frame": 252, "uci": "e2e4"}
{"event": "move", "frame": 315, "uci": "h6g8"}
{"event": "move", "frame": 384, "uci": "a3b1"}
{"event": "calibration", "rotation": 270, "border_margin": 0.0}
{"event": "move", "frame": 90, "uci": "g1h3"}
{"event": "move", "frame": 150, "uci": "g8h6"}
{"event": "move", "frame": 210, "uci": "f2f3"}
{"event": "move", "frame": 294, "uci": "h6g8"}
{"event": "move", "frame": 354, "uci": "g2g3"}
{"event": "move", "frame": 441, "uci": "e7e6"}
{"event": "move", "frame": 507, "uci": "b2b4"}
{"event": "move", "frame": 567, "uci": "g8e7"}
{"event": "move", "frame": 627, "uci": "g3g4"}
{"event": "move", "frame": 690, "uci": "d7d6"}
{"event": "move", "frame": 753, "uci": "e2e4"}
{"event": "move", "frame": 813, "uci": "b7b6"}
{"event": "move", "frame": 879, "uci": "h3g5"}
{"event": "move", "frame": 978, "uci": "e7g8"}
{"event": "calibration", "rotation": 270, "border_margin": 0.0}
{"event": "move", "frame": 90, "uci": "g1h3"}
{"event": "move", "frame": 150, "uci": "g8h6"}
{"event": "move", "frame": 210, "uci": "f2f3"}
{"event": "move", "frame": 294, "uci": "h6g8"}
{"event": "move", "frame": 354, "uci": "g2g3"}
{"event": "move", "frame": 441, "uci": "e7e6"}
{"event": "move", "frame": 507, "uci": "b2b4"}
{"event": "move", "frame": 567, "uci": "g8e7"}
{"event": "move", "frame": 627, "uci": "g3g4"}
{"event": "move", "frame": 690, "uci": "d7d6"}
{"event": "move", "frame": 753, "uci": "e2e4"}
{"event": "move", "frame": 813, "uci": "b7b6"}
{"event": "move", "frame": 879, "uci": "h3g5"}
{"event": "move", "frame": 978, "uci": "e7g8"}
{"event": "move", "frame": 1095, "uci": "g5h7"}
{"event": "move", "frame": 1179, "uci": "c7c5"}
{"event": "move", "frame": 1239, "uci": "b4b5"}
{"event": "move", "frame": 1302, "uci": "d8f6"}
{"event": "move", "frame": 1602, "uci": "f3f4"}
{"event": "move", "frame": 1662, "uci": "f6g6"}
{"event": "move", "frame": 1722, "uci": "d1f3"}
{"event": "move", "frame": 1785, "uci": "f8e7"}
{"event": "move", "frame": 1878, "uci": "f3g3"}
{"event": "move", "frame": 1974, "uci": "g8f6"}
{"event": "move", "frame": 2034, "uci": "g3h3"}
{"event": "move", "frame": 2094, "uci": "e7f8"}
{"event": "move", "frame": 2154, "uci": "h3g3"}
{"event": "move", "frame": 2271, "uci": "h8g8"}
{"event": "move", "frame": 2937, "uci": "h7f8"}
{"event": "move", "frame": 3006, "uci": "g8h8"}
{"event": "calibration", "rotation": 180, "border_margin": 15.0}
{"event": "move", "frame": 51, "uci": "b1a3"}
{"event": "move", "frame": 111, "uci": "b8a6"}
{"event": "move", "frame": 171, "uci": "g2g3"}
{"event": "move", "frame": 231, "uci": "g8h6"}
{"event": "move", "frame": 330, "uci": "a3b1"}
{"event": "move", "frame": 390, "uci": "h8g8"}
{"event": "move", "frame": 474, "uci": "f1h3"}
{"event": "move", "frame": 546, "uci": "h6g4"}
{"event": "move", "frame": 609, "uci": "h3f1"}
{"event": "move", "frame": 669, "uci": "g4e5"}
{"event": "move", "frame": 729, "uci": "f1h3"}
{"event": "move", "frame": 795, "uci": "e5g4"}
{"event": "move", "frame": 855, "uci": "b1a3"}
{"event": "move", "frame": 915, "uci": "g8h8"}
{"event": "move", "frame": 975, "uci": "h3g4"}
{"event": "move", "frame": 1035, "uci": "d7d5"}
{"event": "move", "frame": 1095, "uci": "h2h3"}
{"event": "move", "frame": 1158, "uci": "d5d4"}
{"event": "move", "frame": 1218, "uci": "g4h5"}
{"event": "move", "frame": 1278, "uci": "d8d5"}
{"event": "move", "frame": 1341, "uci": "a3c4"}
{"event": "move", "frame": 1401, "uci": "d5a5"}
{"event": "move", "frame": 1461, "uci": "c4a3"}
{"event": "move", "frame": 1521, "uci": "c8g4"}
{"event": "move", "frame": 1581, "uci": "h5g4"}
{"event": "move", "frame": 1650, "uci": "a5d5"}
{"event": "move", "frame": 1710, "uci": "g4h5"}
{"event": "move", "frame": 1776, "uci": "c7c5"}
{"event": "move", "frame": 1863, "uci": "e1f1"}
{"event": "move", "frame": 1935, "uci": "d5g5"}
{"event": "move", "frame": 2004, "uci": "h5g4"}
{"event": "move", "frame": 2067, "uci": "g5h5"}
{"event": "move", "frame": 2127, "uci": "a3b1"}
{"event": "move", "frame": 2187, "uci": "h5h6"}
{"event": "move", "frame": 2262, "uci": "g4f5"}
{"event": "move", "frame": 2322, "uci": "f7f6"}
{"event": "move", "frame": 2412, "uci": "d2d3"}
{"event": "move", "frame": 2478, "uci": "h6g5"}
{"event": "move", "frame": 2538, "uci": "f1g2"}
{"event": "move", "frame": 2598, "uci": "e8f7"}
{"event": "move", "frame": 2661, "uci": "g2h2"}
{"event": "move", "frame": 2721, "uci": "f7g8"}
{"event": "move", "frame": 2781, "uci": "b1a3"}
{"event": "move", "frame": 2841, "uci": "g5h5"}
{"event": "move", "frame": 2904, "uci": "g3g4"}
{"event": "move", "frame": 2967, "uci": "h5f5"}
{"event": "move", "frame": 3030, "uci": "c1h6"}
{"event": "move", "frame": 3090, "uci": "g8f7"}
{"event": "move", "frame": 3150, "uci": "h6c1"}
{"event": "move", "frame": 3216, "uci": "f5h5"}
{"event": "move", "frame": 3276, "uci": "h3h4"}
{"event": "move", "frame": 3336, "uci": "f6f5"}
{"event": "move", "frame": 3396, "uci": "g4h5"}
{"event": "move", "frame": 3456, "uci": "f7g8"}
{"event": "move", "frame": 3528, "uci": "c1f4"}
{"event": "move", "frame": 3591, "uci": "e7e5"}
{"event": "move", "frame": 3738, "uci": "d1c1"}
{"event": "move", "frame": 4035, "uci": "g8f7"}
{"event": "move", "frame": 4095, "uci": "a3c4"}
{"event": "move", "frame": 4155, "uci": "h7h6"}
{"event": "move", "frame": 4221, "uci": "c1f1"}
{"event": "move", "frame": 4320, "uci": "g7g6"}
{"event": "move", "frame": 4404, "uci": "f4e5"}
{"event": "move", "frame": 4464, "uci": "f7g8"}
{"event": "move", "frame": 4551, "uci": "e5f6"}
{"event": "move", "frame": 4638, "uci": "g6h5"}
{"event": "move", "frame": 4707, "uci": "c4a3"}
{"event": "move", "frame": 4968, "uci": "g8f7"}
{"event": "move", "frame": 5049, "uci": "f6e5"}
{"event": "move", "frame": 5313, "uci": "f7g8"}
{"event": "move", "frame": 5379, "uci": "e5g7"}
{"event": "move", "frame": 5439, "uci": "h8h7"}
{"event": "move", "frame": 5529, "uci": "a1c1"}
{"event": "move", "frame": 5589, "uci": "h7h8"}
{"event": "move", "frame": 5649, "uci": "g7h8"}
{"event": "calibration", "rotation": 180, "border_margin": 15.0}
{"event": "move", "frame": 51, "uci": "b1a3"}
{"event": "move", "frame": 111, "uci": "b8a6"}
{"event": "move", "frame": 171, "uci": "g2g3"}
{"event": "move", "frame": 231, "uci": "g8h6"}
{"event": "move", "frame": 330, "uci": "a3b1"}
{"event": "move", "frame": 390, "uci": "h8g8"}
{"event": "move", "frame": 474, "uci": "f1h3"}
{"event": "move", "frame": 546, "uci": "h6g4"}
{"event": "move", "frame": 609, "uci": "h3f1"}
{"event": "move", "frame": 669, "uci": "g4e5"}
{"event": "move", "frame": 729, "uci": "f1h3"}
{"event": "move", "frame": 795, "uci": "e5g4"}
{"event": "calibration", "rotation": 0, "border_margin": 0.0}
{"event": "move", "frame": 54, "uci": "d2d4"}
{"event": "calibration", "rotation": 180, "border_margin": 15.0}
{"event": "move", "frame": 237, "uci": "g8f6"}
{"event": "move", "frame": 420, "uci": "c1f4"}
{"event": "move", "frame": 600, "uci": "f6e4"}
{"event": "move", "frame": 120, "uci": "g2g4"}
{"event": "move", "frame": 795, "uci": "f2f3"}
{"event": "move", "frame": 999, "uci": "e4f6"}
{"event": "move", "frame": 1185, "uci": "b1c3"}
{"event": "move", "frame": 1365, "uci": "c7c5"}
{"event": "move", "frame": 1554, "uci": "a1c1"}
{"event": "move", "frame": 1869, "uci": "d7d5"}
{"event": "move", "frame": 366, "uci": "g7g5"}
{"event": "move", "frame": 2094, "uci": "h2h4"}
{"event": "move", "frame": 2295, "uci": "a7a6"}
{"event": "move", "frame": 2481, "uci": "h4h5"}
{"event": "move", "frame": 2661, "uci": "h7h6"}
{"event": "move", "frame": 2844, "uci": "f4c7"}
{"event": "move", "frame": 3030, "uci": "d8c7"}
{"event": "move", "frame": 795, "uci": "f1g2"}
{"event": "move", "frame": 981, "uci": "f8g7"}
{"event": "move", "frame": 1227, "uci": "h2h3"}
{"event": "move", "frame": 1542, "uci": "c7c5"}
{"event": "move", "frame": 1977, "uci": "g2d5"}
{"event": "move", "frame": 2157, "uci": "h7h6"}
{"event": "move", "frame": 2724, "uci": "a2a4"}
{"event": "move", "frame": 2904, "uci": "h6h5"}
{"event": "move", "frame": 3171, "uci": "b1a3"}
{"event": "move", "frame": 3393, "uci": "e8f8"}
{"event": "move", "frame": 3579, "uci": "g4h5"}
{"event": "move", "frame": 3759, "uci": "b8a6"}
{"event": "move", "frame": 3951, "uci": "f2f3"}
{"event": "move", "frame": 4650, "uci": "g5g4"}
{"event": "move", "frame": 4851, "uci": "e1f1"}
{"event": "move", "frame": 5049, "uci": "g7e5"}
{"event": "move", "frame": 5250, "uci": "f3g4"}
{"event": "move", "frame": 5598, "uci": "f8g7"}
{"event": "calibration", "rotation": 0, "border_margin": 0.0}
{"event": "move", "frame": 54, "uci": "d2d4"}
{"event": "calibration", "rotation": 180, "border_margin": 15.0}
{"event": "move", "frame": 192, "uci": "g8f6"}
{"event": "move", "frame": 252, "uci": "c1f4"}
{"event": "move", "frame": 456, "uci": "c7c5"}
{"event": "move", "frame": 522, "uci": "e2e4"}
{"event": "move", "frame": 582, "uci": "f6e4"}
{"event": "move", "frame": 648, "uci": "f2f3"}
{"event": "move", "frame": 711, "uci": "e4f6"}
{"event": "move", "frame": 810, "uci": "d4c5"}
{"event": "move", "frame": 903, "uci": "d8a5"}
{"event": "move", "frame": 183, "uci": "g2g3"}
{"event": "move", "frame": 1008, "uci": "b1c3"}
{"event": "move", "frame": 1110, "uci": "a5c5"}
{"event": "move", "frame": 1290, "uci": "d1e2"}
{"event": "move", "frame": 1449, "uci": "e7e6"}
{"event": "move", "frame": 1509, "uci": "e1c1"}
{"event": "move", "frame": 1716, "uci": "f8e7"}
{"event": "move", "frame": 1791, "uci": "g2g4"}
{"event": "move", "frame": 2019, "uci": "d7d5"}
{"event": "move", "frame": 2094, "uci": "h2h4"}
{"event": "move", "frame": 2187, "uci": "a7a6"}
{"event": "move", "frame": 2313, "uci": "h4h5"}
{"event": "move", "frame": 2451, "uci": "h7h6"}
{"event": "move", "frame": 2589, "uci": "f4e3"}
{"event": "move", "frame": 492, "uci": "b8a6"}
{"event": "move", "frame": 2733, "uci": "c5c7"}
{"event": "move", "frame": 2871, "uci": "g4g5"}
{"event": "move", "frame": 2994, "uci": "h6g5"}
{"event": "move", "frame": 3147, "uci": "e3g5"}
{"event": "move", "frame": 3252, "uci": "b8d7"}
{"event": "move", "frame": 3339, "uci": "e2e6"}
{"event": "move", "frame": 3642, "uci": "b7b5"}
{"event": "move", "frame": 702, "uci": "g3g4"}
{"event": "move", "frame": 3720, "uci": "h5h6"}
{"event": "move", "frame": 3936, "uci": "g7h6"}
{"event": "move", "frame": 4086, "uci": "g5h6"}
{"event": "move", "frame": 4242, "uci": "c8b7"}
{"event": "move", "frame": 4470, "uci": "h6g7"}
{"event": "move", "frame": 4530, "uci": "h8g8"}
{"event": "move", "frame": 906, "uci": "d7d5"}
{"event": "move", "frame": 1164, "uci": "h2h4"}
{"event": "move", "frame": 1386, "uci": "c8g4"}
{"event": "move", "frame": 1650, "uci": "h1h2"}
{"event": "move", "frame": 1854, "uci": "g4h5"}
{"event": "move", "frame": 2130, "uci": "a2a4"}
{"event": "move", "frame": 2361, "uci": "f7f5"}
{"event": "move", "frame": 2607, "uci": "h2g2"}
{"event": "move", "frame": 2808, "uci": "e8f7"}
{"event": "move", "frame": 3009, "uci": "g2g3"}
{"event": "move", "frame": 3216, "uci": "e7e5"}
{"event": "move", "frame": 3417, "uci": "f1h3"}
{"event": "move", "frame": 3627, "uci": "c7c5"}
{"event": "move", "frame": 3831, "uci": "f2f4"}
{"event": "move", "frame": 4050, "uci": "d5d4"}
{"event": "move", "frame": 4251, "uci": "h3f1"}
{"event": "move", "frame": 4626, "uci": "h5g4"}
{"event": "move", "frame": 4851, "uci": "h4h5"}
{"event": "move", "frame": 5148, "uci": "d8d5"}
{"event": "move", "frame": 5391, "uci": "g3g4"}
{"event": "move", "frame": 5634, "uci": "d5h1"}
{"event": "calibration", "source": "file", "rotation": 90, "k1": -0.15, "border_margin": 0.0}
{"event": "reliability", "median_match": null, "moves": 0}
{"event": "calibration", "source": "file", "rotation": 180, "k1": -0.15, "border_margin": 0.0}
{"event": "move", "frame": 231, "uci": "g1h3"}
{"event": "move", "frame": 369, "uci": "h7h5"}
{"event": "move", "frame": 429, "uci": "b2b3"}
{"event": "move", "frame": 489, "uci": "h8h7"}
{"event": "move", "frame": 549, "uci": "b1c3"}
{"event": "move", "frame": 609, "uci": "g8h6"}
{"event": "move", "frame": 957, "uci": "h1g1"}
{"event": "move", "frame": 1017, "uci": "b8a6"}
{"event": "move", "frame": 1077, "uci": "g1h1"}
{"event": "move", "frame": 1137, "uci": "h5h4"}
{"event": "move", "frame": 1725, "uci": "c1b2"}
{"event": "move", "frame": 1854, "uci": "e7e5"}
